2026-08-11 14:25:28.981: [INFO] CurrentProfilePath: C:\Users\18895\Desktop\ai_samert\SmartMarkdown\SmartMarkDown\SmartMarkDown\bin\Debug\net8.0-windows\SmartMarkDown.exe.WebView2\EBWebView\Default
2026-08-11 14:25:28.981: [INFO] Profiles total count: 1
2026-08-11 14:25:28.982: [INFO] Profile: name=用户配置 1 path=C:\Users\18895\Desktop\ai_samert\SmartMarkdown\SmartMarkDown\SmartMarkDown\bin\Debug\net8.0-windows\SmartMarkDown.exe.WebView2\EBWebView\Default lastActive=null
2026-08-11 14:25:28.982: [INFO] LastUsedProfileDir: C:\Users\18895\Desktop\ai_samert\SmartMarkdown\SmartMarkDown\SmartMarkDown\bin\Debug\net8.0-windows\SmartMarkDown.exe.WebView2\EBWebView\Default
2026-08-11 14:25:28.982: [INFO] OnDoneLoading sync enabled: 0
2026-08-11 14:25:28.982: [INFO] BookmarkModelLoaded, ids_reassigned: 0
2026-08-11 14:25:28.982: [INFO] BookmarksLoadDropped droppedNodes=0
2026-08-11 14:25:28.982: [INFO] BookmarksSnapshot Startup total=0 bar=0 other=0 mobile=0 showBar=0 showBarNTP=1
2026-08-11 14:26:43.553: [INFO] BookmarksSnapshot Shutdown total=0 bar=0 other=0 mobile=0 showBar=0 showBarNTP=1
2026-08-11 14:26:53.279: [INFO] CurrentProfilePath: C:\Users\18895\Desktop\ai_samert\SmartMarkdown\SmartMarkDown\SmartMarkDown\bin\Debug\net8.0-windows\SmartMarkDown.exe.WebView2\EBWebView\Default
2026-08-11 14:26:53.279: [INFO] Profiles total count: 1
2026-08-11 14:26:53.279: [INFO] Profile: name=用户配置 1 path=C:\Users\18895\Desktop\ai_samert\SmartMarkdown\SmartMarkDown\SmartMarkDown\bin\Debug\net8.0-windows\SmartMarkDown.exe.WebView2\EBWebView\Default lastActive=2026-08-11T14:26:22.107Z
2026-08-11 14:26:53.279: [INFO] LastUsedProfileDir: C:\Users\18895\Desktop\ai_samert\SmartMarkdown\SmartMarkDown\SmartMarkDown\bin\Debug\net8.0-windows\SmartMarkDown.exe.WebView2\EBWebView\Default
2026-08-11 14:26:53.279: [INFO] MostRecentlyActiveProfile: name=用户配置 1 path=C:\Users\18895\Desktop\ai_samert\SmartMarkdown\SmartMarkDown\SmartMarkDown\bin\Debug\net8.0-windows\SmartMarkDown.exe.WebView2\EBWebView\Default lastActive=2026-08-11T14:26:22.107Z
2026-08-11 14:26:53.279: [INFO] OnDoneLoading sync enabled: 0
2026-08-11 14:26:53.279: [INFO] BookmarkModelLoaded, ids_reassigned: 0
2026-08-11 14:26:53.279: [INFO] BookmarksLoadDropped droppedNodes=0
2026-08-11 14:26:53.279: [INFO] BookmarksSnapshot Startup total=0 bar=0 other=0 mobile=0 showBar=0 showBarNTP=1
2026-08-11 14:28:25.495: [INFO] BookmarksSnapshot Shutdown total=0 bar=0 other=0 mobile=0 showBar=0 showBarNTP=1
2026-08-11 14:28:58.945: [INFO] CurrentProfilePath: C:\Users\18895\Desktop\ai_samert\SmartMarkdown\SmartMarkDown\SmartMarkDown\bin\Debug\net8.0-windows\SmartMarkDown.exe.WebView2\EBWebView\Default
2026-08-11 14:28:58.945: [INFO] Profiles total count: 1
2026-08-11 14:28:58.945: [INFO] Profile: name=用户配置 1 path=C:\Users\18895\Desktop\ai_samert\SmartMarkdown\SmartMarkDown\SmartMarkDown\bin\Debug\net8.0-windows\SmartMarkDown.exe.WebView2\EBWebView\Default lastActive=2026-08-11T14:26:22.107Z
2026-08-11 14:28:58.945: [INFO] LastUsedProfileDir: C:\Users\18895\Desktop\ai_samert\SmartMarkdown\SmartMarkDown\SmartMarkDown\bin\Debug\net8.0-windows\SmartMarkDown.exe.WebView2\EBWebView\Default
2026-08-11 14:28:58.945: [INFO] MostRecentlyActiveProfile: name=用户配置 1 path=C:\Users\18895\Desktop\ai_samert\SmartMarkdown\SmartMarkDown\SmartMarkDown\bin\Debug\net8.0-windows\SmartMarkDown.exe.WebView2\EBWebView\Default lastActive=2026-08-11T14:26:22.107Z
2026-08-11 14:28:58.945: [INFO] OnDoneLoading sync enabled: 0
2026-08-11 14:28:58.945: [INFO] BookmarkModelLoaded, ids_reassigned: 0
2026-08-11 14:28:58.945: [INFO] BookmarksLoadDropped droppedNodes=0
2026-08-11 14:28:58.945: [INFO] BookmarksSnapshot Startup total=0 bar=0 other=0 mobile=0 showBar=0 showBarNTP=1
2026-08-11 14:30:05.388: [INFO] BookmarksSnapshot Shutdown total=0 bar=0 other=0 mobile=0 showBar=0 showBarNTP=1
2026-08-11 14:31:54.017: [INFO] CurrentProfilePath: C:\Users\18895\Desktop\ai_samert\SmartMarkdown\SmartMarkDown\SmartMarkDown\bin\Debug\net8.0-windows\SmartMarkDown.exe.WebView2\EBWebView\Default
2026-08-11 14:31:54.017: [INFO] Profiles total count: 1
2026-08-11 14:31:54.017: [INFO] Profile: name=用户配置 1 path=C:\Users\18895\Desktop\ai_samert\SmartMarkdown\SmartMarkDown\SmartMarkDown\bin\Debug\net8.0-windows\SmartMarkDown.exe.WebView2\EBWebView\Default lastActive=2026-08-11T14:26:22.107Z
2026-08-11 14:31:54.017: [INFO] LastUsedProfileDir: C:\Users\18895\Desktop\ai_samert\SmartMarkdown\SmartMarkDown\SmartMarkDown\bin\Debug\net8.0-windows\SmartMarkDown.exe.WebView2\EBWebView\Default
2026-08-11 14:31:54.017: [INFO] MostRecentlyActiveProfile: name=用户配置 1 path=C:\Users\18895\Desktop\ai_samert\SmartMarkdown\SmartMarkDown\SmartMarkDown\bin\Debug\net8.0-windows\SmartMarkDown.exe.WebView2\EBWebView\Default lastActive=2026-08-11T14:26:22.107Z
2026-08-11 14:31:54.017: [INFO] OnDoneLoading sync enabled: 0
2026-08-11 14:31:54.017: [INFO] BookmarkModelLoaded, ids_reassigned: 0
2026-08-11 14:31:54.017: [INFO] BookmarksLoadDropped droppedNodes=0
2026-08-11 14:31:54.017: [INFO] BookmarksSnapshot Startup total=0 bar=0 other=0 mobile=0 showBar=0 showBarNTP=1
2026-08-11 14:34:01.399: [INFO] BookmarksSnapshot Shutdown total=0 bar=0 other=0 mobile=0 showBar=0 showBarNTP=1
2026-08-11 14:34:30.976: [INFO] CurrentProfilePath: C:\Users\18895\Desktop\ai_samert\SmartMarkdown\SmartMarkDown\SmartMarkDown\bin\Debug\net8.0-windows\SmartMarkDown.exe.WebView2\EBWebView\Default
2026-08-11 14:34:30.976: [INFO] Profiles total count: 1
2026-08-11 14:34:30.976: [INFO] Profile: name=用户配置 1 path=C:\Users\18895\Desktop\ai_samert\SmartMarkdown\SmartMarkDown\SmartMarkDown\bin\Debug\net8.0-windows\SmartMarkDown.exe.WebView2\EBWebView\Default lastActive=2026-08-11T14:32:04.300Z
2026-08-11 14:34:30.976: [INFO] LastUsedProfileDir: C:\Users\18895\Desktop\ai_samert\SmartMarkdown\SmartMarkDown\SmartMarkDown\bin\Debug\net8.0-windows\SmartMarkDown.exe.WebView2\EBWebView\Default
2026-08-11 14:34:30.976: [INFO] MostRecentlyActiveProfile: name=用户配置 1 path=C:\Users\18895\Desktop\ai_samert\SmartMarkdown\SmartMarkDown\SmartMarkDown\bin\Debug\net8.0-windows\SmartMarkDown.exe.WebView2\EBWebView\Default lastActive=2026-08-11T14:32:04.300Z
2026-08-11 14:34:30.976: [INFO] OnDoneLoading sync enabled: 0
2026-08-11 14:34:30.976: [INFO] BookmarkModelLoaded, ids_reassigned: 0
2026-08-11 14:34:30.976: [INFO] BookmarksLoadDropped droppedNodes=0
2026-08-11 14:34:30.976: [INFO] BookmarksSnapshot Startup total=0 bar=0 other=0 mobile=0 showBar=0 showBarNTP=1
2026-08-11 14:38:07.000: [INFO] BookmarksSnapshot Shutdown total=0 bar=0 other=0 mobile=0 showBar=0 showBarNTP=1
2026-08-11 14:44:23.368: [INFO] CurrentProfilePath: C:\Users\18895\Desktop\ai_samert\SmartMarkdown\SmartMarkDown\SmartMarkDown\bin\Debug\net8.0-windows\SmartMarkDown.exe.WebView2\EBWebView\Default
2026-08-11 14:44:23.368: [INFO] Profiles total count: 1
2026-08-11 14:44:23.368: [INFO] Profile: name=用户配置 1 path=C:\Users\18895\Desktop\ai_samert\SmartMarkdown\SmartMarkDown\SmartMarkDown\bin\Debug\net8.0-windows\SmartMarkDown.exe.WebView2\EBWebView\Default lastActive=2026-08-11T14:32:04.300Z
2026-08-11 14:44:23.368: [INFO] LastUsedProfileDir: C:\Users\18895\Desktop\ai_samert\SmartMarkdown\SmartMarkDown\SmartMarkDown\bin\Debug\net8.0-windows\SmartMarkDown.exe.WebView2\EBWebView\Default
2026-08-11 14:44:23.368: [INFO] MostRecentlyActiveProfile: name=用户配置 1 path=C:\Users\18895\Desktop\ai_samert\SmartMarkdown\SmartMarkDown\SmartMarkDown\bin\Debug\net8.0-windows\SmartMarkDown.exe.WebView2\EBWebView\Default lastActive=2026-08-11T14:32:04.300Z
2026-08-11 14:44:23.368: [INFO] OnDoneLoading sync enabled: 0
2026-08-11 14:44:23.368: [INFO] BookmarkModelLoaded, ids_reassigned: 0
2026-08-11 14:44:23.368: [INFO] BookmarksLoadDropped droppedNodes=0
2026-08-11 14:44:23.368: [INFO] BookmarksSnapshot Startup total=0 bar=0 other=0 mobile=0 showBar=0 showBarNTP=1
2026-08-11 14:45:32.726: [INFO] BookmarksSnapshot Shutdown total=0 bar=0 other=0 mobile=0 showBar=0 showBarNTP=1
