2026-08-11 14:05:08.450: [INFO] CurrentProfilePath: C:\Users\18895\Desktop\ai_samert\SmartMarkdown\SmartMarkDown\SmartMarkDown\bin\Debug\net10.0-windows\SmartMarkDown.exe.WebView2\EBWebView\Default
2026-08-11 14:05:08.450: [INFO] Profiles total count: 1
2026-08-11 14:05:08.450: [INFO] Profile: name=用户配置 1 path=C:\Users\18895\Desktop\ai_samert\SmartMarkdown\SmartMarkDown\SmartMarkDown\bin\Debug\net10.0-windows\SmartMarkDown.exe.WebView2\EBWebView\Default lastActive=null
2026-08-11 14:05:08.450: [INFO] LastUsedProfileDir: C:\Users\18895\Desktop\ai_samert\SmartMarkdown\SmartMarkDown\SmartMarkDown\bin\Debug\net10.0-windows\SmartMarkDown.exe.WebView2\EBWebView\Default
2026-08-11 14:05:08.450: [INFO] OnDoneLoading sync enabled: 0
2026-08-11 14:05:08.450: [INFO] BookmarkModelLoaded, ids_reassigned: 0
2026-08-11 14:05:08.450: [INFO] BookmarksLoadDropped droppedNodes=0
2026-08-11 14:05:08.450: [INFO] BookmarksSnapshot Startup total=0 bar=0 other=0 mobile=0 showBar=0 showBarNTP=1
2026-08-11 14:06:02.376: [INFO] BookmarksSnapshot Shutdown total=0 bar=0 other=0 mobile=0 showBar=0 showBarNTP=1
2026-08-11 14:06:18.532: [INFO] CurrentProfilePath: C:\Users\18895\Desktop\ai_samert\SmartMarkdown\SmartMarkDown\SmartMarkDown\bin\Debug\net10.0-windows\SmartMarkDown.exe.WebView2\EBWebView\Default
2026-08-11 14:06:18.532: [INFO] Profiles total count: 1
2026-08-11 14:06:18.532: [INFO] Profile: name=用户配置 1 path=C:\Users\18895\Desktop\ai_samert\SmartMarkdown\SmartMarkDown\SmartMarkDown\bin\Debug\net10.0-windows\SmartMarkDown.exe.WebView2\EBWebView\Default lastActive=null
2026-08-11 14:06:18.532: [INFO] LastUsedProfileDir: C:\Users\18895\Desktop\ai_samert\SmartMarkdown\SmartMarkDown\SmartMarkDown\bin\Debug\net10.0-windows\SmartMarkDown.exe.WebView2\EBWebView\Default
2026-08-11 14:06:18.532: [INFO] OnDoneLoading sync enabled: 0
2026-08-11 14:06:18.532: [INFO] BookmarkModelLoaded, ids_reassigned: 0
2026-08-11 14:06:18.532: [INFO] BookmarksLoadDropped droppedNodes=0
2026-08-11 14:06:18.532: [INFO] BookmarksSnapshot Startup total=0 bar=0 other=0 mobile=0 showBar=0 showBarNTP=1
2026-08-11 14:08:07.019: [INFO] BookmarksSnapshot Shutdown total=0 bar=0 other=0 mobile=0 showBar=0 showBarNTP=1
2026-08-11 14:09:00.343: [INFO] CurrentProfilePath: C:\Users\18895\Desktop\ai_samert\SmartMarkdown\SmartMarkDown\SmartMarkDown\bin\Debug\net10.0-windows\SmartMarkDown.exe.WebView2\EBWebView\Default
2026-08-11 14:09:00.343: [INFO] Profiles total count: 1
2026-08-11 14:09:00.343: [INFO] Profile: name=用户配置 1 path=C:\Users\18895\Desktop\ai_samert\SmartMarkdown\SmartMarkDown\SmartMarkDown\bin\Debug\net10.0-windows\SmartMarkDown.exe.WebView2\EBWebView\Default lastActive=null
2026-08-11 14:09:00.343: [INFO] LastUsedProfileDir: C:\Users\18895\Desktop\ai_samert\SmartMarkdown\SmartMarkDown\SmartMarkDown\bin\Debug\net10.0-windows\SmartMarkDown.exe.WebView2\EBWebView\Default
2026-08-11 14:09:00.343: [INFO] OnDoneLoading sync enabled: 0
2026-08-11 14:09:00.344: [INFO] BookmarkModelLoaded, ids_reassigned: 0
2026-08-11 14:09:00.344: [INFO] BookmarksLoadDropped droppedNodes=0
2026-08-11 14:09:00.344: [INFO] BookmarksSnapshot Startup total=0 bar=0 other=0 mobile=0 showBar=0 showBarNTP=1
2026-08-11 14:09:13.506: [INFO] BookmarksSnapshot Shutdown total=0 bar=0 other=0 mobile=0 showBar=0 showBarNTP=1
2026-08-11 14:10:29.727: [INFO] CurrentProfilePath: C:\Users\18895\Desktop\ai_samert\SmartMarkdown\SmartMarkDown\SmartMarkDown\bin\Debug\net10.0-windows\SmartMarkDown.exe.WebView2\EBWebView\Default
2026-08-11 14:10:29.727: [INFO] Profiles total count: 1
2026-08-11 14:10:29.727: [INFO] Profile: name=用户配置 1 path=C:\Users\18895\Desktop\ai_samert\SmartMarkdown\SmartMarkDown\SmartMarkDown\bin\Debug\net10.0-windows\SmartMarkDown.exe.WebView2\EBWebView\Default lastActive=null
2026-08-11 14:10:29.727: [INFO] LastUsedProfileDir: C:\Users\18895\Desktop\ai_samert\SmartMarkdown\SmartMarkDown\SmartMarkDown\bin\Debug\net10.0-windows\SmartMarkDown.exe.WebView2\EBWebView\Default
2026-08-11 14:10:29.727: [INFO] OnDoneLoading sync enabled: 0
2026-08-11 14:10:29.727: [INFO] BookmarkModelLoaded, ids_reassigned: 0
2026-08-11 14:10:29.727: [INFO] BookmarksLoadDropped droppedNodes=0
2026-08-11 14:10:29.727: [INFO] BookmarksSnapshot Startup total=0 bar=0 other=0 mobile=0 showBar=0 showBarNTP=1
2026-08-11 14:13:45.679: [INFO] BookmarksSnapshot Shutdown total=0 bar=0 other=0 mobile=0 showBar=0 showBarNTP=1
2026-08-11 14:15:44.226: [INFO] CurrentProfilePath: C:\Users\18895\Desktop\ai_samert\SmartMarkdown\SmartMarkDown\SmartMarkDown\bin\Debug\net10.0-windows\SmartMarkDown.exe.WebView2\EBWebView\Default
2026-08-11 14:15:44.226: [INFO] Profiles total count: 1
2026-08-11 14:15:44.226: [INFO] Profile: name=用户配置 1 path=C:\Users\18895\Desktop\ai_samert\SmartMarkdown\SmartMarkDown\SmartMarkDown\bin\Debug\net10.0-windows\SmartMarkDown.exe.WebView2\EBWebView\Default lastActive=null
2026-08-11 14:15:44.226: [INFO] LastUsedProfileDir: C:\Users\18895\Desktop\ai_samert\SmartMarkdown\SmartMarkDown\SmartMarkDown\bin\Debug\net10.0-windows\SmartMarkDown.exe.WebView2\EBWebView\Default
2026-08-11 14:15:44.226: [INFO] OnDoneLoading sync enabled: 0
2026-08-11 14:15:44.226: [INFO] BookmarkModelLoaded, ids_reassigned: 0
2026-08-11 14:15:44.226: [INFO] BookmarksLoadDropped droppedNodes=0
2026-08-11 14:15:44.226: [INFO] BookmarksSnapshot Startup total=0 bar=0 other=0 mobile=0 showBar=0 showBarNTP=1
2026-08-11 14:16:14.849: [INFO] BookmarksSnapshot Shutdown total=0 bar=0 other=0 mobile=0 showBar=0 showBarNTP=1
2026-08-11 14:16:48.797: [INFO] CurrentProfilePath: C:\Users\18895\Desktop\ai_samert\SmartMarkdown\SmartMarkDown\SmartMarkDown\bin\Debug\net10.0-windows\SmartMarkDown.exe.WebView2\EBWebView\Default
2026-08-11 14:16:48.797: [INFO] Profiles total count: 1
2026-08-11 14:16:48.797: [INFO] Profile: name=用户配置 1 path=C:\Users\18895\Desktop\ai_samert\SmartMarkdown\SmartMarkDown\SmartMarkDown\bin\Debug\net10.0-windows\SmartMarkDown.exe.WebView2\EBWebView\Default lastActive=null
2026-08-11 14:16:48.797: [INFO] LastUsedProfileDir: C:\Users\18895\Desktop\ai_samert\SmartMarkdown\SmartMarkDown\SmartMarkDown\bin\Debug\net10.0-windows\SmartMarkDown.exe.WebView2\EBWebView\Default
2026-08-11 14:16:48.797: [INFO] OnDoneLoading sync enabled: 0
2026-08-11 14:16:48.797: [INFO] BookmarkModelLoaded, ids_reassigned: 0
2026-08-11 14:16:48.797: [INFO] BookmarksLoadDropped droppedNodes=0
2026-08-11 14:16:48.797: [INFO] BookmarksSnapshot Startup total=0 bar=0 other=0 mobile=0 showBar=0 showBarNTP=1
2026-08-11 14:18:33.325: [INFO] BookmarksSnapshot Shutdown total=0 bar=0 other=0 mobile=0 showBar=0 showBarNTP=1
