2026-08-11 15:08:13.104: [INFO] CurrentProfilePath: C:\Users\18895\Desktop\ai_samert\SmartMarkdown\SmartMarkDown\SmartMarkDown\bin\Release\SmartMarkDown\SmartMarkDown.exe.WebView2\EBWebView\Default
2026-08-11 15:08:13.104: [INFO] Profiles total count: 1
2026-08-11 15:08:13.104: [INFO] Profile: name=用户配置 1 path=C:\Users\18895\Desktop\ai_samert\SmartMarkdown\SmartMarkDown\SmartMarkDown\bin\Release\SmartMarkDown\SmartMarkDown.exe.WebView2\EBWebView\Default lastActive=null
2026-08-11 15:08:13.104: [INFO] LastUsedProfileDir: C:\Users\18895\Desktop\ai_samert\SmartMarkdown\SmartMarkDown\SmartMarkDown\bin\Release\SmartMarkDown\SmartMarkDown.exe.WebView2\EBWebView\Default
2026-08-11 15:08:13.104: [INFO] OnDoneLoading sync enabled: 0
2026-08-11 15:08:13.104: [INFO] BookmarkModelLoaded, ids_reassigned: 0
2026-08-11 15:08:13.104: [INFO] BookmarksLoadDropped droppedNodes=0
2026-08-11 15:08:13.104: [INFO] BookmarksSnapshot Startup total=0 bar=0 other=0 mobile=0 showBar=0 showBarNTP=1
2026-08-11 15:08:48.977: [INFO] BookmarksSnapshot Shutdown total=0 bar=0 other=0 mobile=0 showBar=0 showBarNTP=1
2026-08-11 15:09:46.426: [INFO] CurrentProfilePath: C:\Users\18895\Desktop\ai_samert\SmartMarkdown\SmartMarkDown\SmartMarkDown\bin\Release\SmartMarkDown\SmartMarkDown.exe.WebView2\EBWebView\Default
2026-08-11 15:09:46.426: [INFO] Profiles total count: 1
2026-08-11 15:09:46.427: [INFO] Profile: name=用户配置 1 path=C:\Users\18895\Desktop\ai_samert\SmartMarkdown\SmartMarkDown\SmartMarkDown\bin\Release\SmartMarkDown\SmartMarkDown.exe.WebView2\EBWebView\Default lastActive=2026-08-11T15:08:48.915Z
2026-08-11 15:09:46.427: [INFO] LastUsedProfileDir: C:\Users\18895\Desktop\ai_samert\SmartMarkdown\SmartMarkDown\SmartMarkDown\bin\Release\SmartMarkDown\SmartMarkDown.exe.WebView2\EBWebView\Default
2026-08-11 15:09:46.427: [INFO] MostRecentlyActiveProfile: name=用户配置 1 path=C:\Users\18895\Desktop\ai_samert\SmartMarkdown\SmartMarkDown\SmartMarkDown\bin\Release\SmartMarkDown\SmartMarkDown.exe.WebView2\EBWebView\Default lastActive=2026-08-11T15:08:48.915Z
2026-08-11 15:09:46.427: [INFO] OnDoneLoading sync enabled: 0
2026-08-11 15:09:46.427: [INFO] BookmarkModelLoaded, ids_reassigned: 0
2026-08-11 15:09:46.427: [INFO] BookmarksLoadDropped droppedNodes=0
2026-08-11 15:09:46.427: [INFO] BookmarksSnapshot Startup total=0 bar=0 other=0 mobile=0 showBar=0 showBarNTP=1
2026-08-11 15:09:57.786: [INFO] BookmarksSnapshot Shutdown total=0 bar=0 other=0 mobile=0 showBar=0 showBarNTP=1
2026-08-11 15:10:42.241: [INFO] CurrentProfilePath: C:\Users\18895\Desktop\ai_samert\SmartMarkdown\SmartMarkDown\SmartMarkDown\bin\Release\SmartMarkDown\SmartMarkDown.exe.WebView2\EBWebView\Default
2026-08-11 15:10:42.241: [INFO] Profiles total count: 1
2026-08-11 15:10:42.242: [INFO] Profile: name=用户配置 1 path=C:\Users\18895\Desktop\ai_samert\SmartMarkdown\SmartMarkDown\SmartMarkDown\bin\Release\SmartMarkDown\SmartMarkDown.exe.WebView2\EBWebView\Default lastActive=2026-08-11T15:08:48.915Z
2026-08-11 15:10:42.242: [INFO] LastUsedProfileDir: C:\Users\18895\Desktop\ai_samert\SmartMarkdown\SmartMarkDown\SmartMarkDown\bin\Release\SmartMarkDown\SmartMarkDown.exe.WebView2\EBWebView\Default
2026-08-11 15:10:42.242: [INFO] MostRecentlyActiveProfile: name=用户配置 1 path=C:\Users\18895\Desktop\ai_samert\SmartMarkdown\SmartMarkDown\SmartMarkDown\bin\Release\SmartMarkDown\SmartMarkDown.exe.WebView2\EBWebView\Default lastActive=2026-08-11T15:08:48.915Z
2026-08-11 15:10:42.242: [INFO] OnDoneLoading sync enabled: 0
2026-08-11 15:10:42.242: [INFO] BookmarkModelLoaded, ids_reassigned: 0
2026-08-11 15:10:42.242: [INFO] BookmarksLoadDropped droppedNodes=0
2026-08-11 15:10:42.242: [INFO] BookmarksSnapshot Startup total=0 bar=0 other=0 mobile=0 showBar=0 showBarNTP=1
2026-08-11 15:10:53.793: [INFO] BookmarksSnapshot Shutdown total=0 bar=0 other=0 mobile=0 showBar=0 showBarNTP=1
2026-08-11 15:24:16.751: [INFO] CurrentProfilePath: C:\Users\18895\Desktop\ai_samert\SmartMarkdown\SmartMarkDown\SmartMarkDown\bin\Release\SmartMarkDown\SmartMarkDown.exe.WebView2\EBWebView\Default
2026-08-11 15:24:16.751: [INFO] Profiles total count: 1
2026-08-11 15:24:16.751: [INFO] Profile: name=用户配置 1 path=C:\Users\18895\Desktop\ai_samert\SmartMarkdown\SmartMarkDown\SmartMarkDown\bin\Release\SmartMarkDown\SmartMarkDown.exe.WebView2\EBWebView\Default lastActive=2026-08-11T15:08:48.915Z
2026-08-11 15:24:16.751: [INFO] LastUsedProfileDir: C:\Users\18895\Desktop\ai_samert\SmartMarkdown\SmartMarkDown\SmartMarkDown\bin\Release\SmartMarkDown\SmartMarkDown.exe.WebView2\EBWebView\Default
2026-08-11 15:24:16.751: [INFO] MostRecentlyActiveProfile: name=用户配置 1 path=C:\Users\18895\Desktop\ai_samert\SmartMarkdown\SmartMarkDown\SmartMarkDown\bin\Release\SmartMarkDown\SmartMarkDown.exe.WebView2\EBWebView\Default lastActive=2026-08-11T15:08:48.915Z
2026-08-11 15:24:16.751: [INFO] OnDoneLoading sync enabled: 0
2026-08-11 15:24:16.751: [INFO] BookmarkModelLoaded, ids_reassigned: 0
2026-08-11 15:24:16.751: [INFO] BookmarksLoadDropped droppedNodes=0
2026-08-11 15:24:16.751: [INFO] BookmarksSnapshot Startup total=0 bar=0 other=0 mobile=0 showBar=0 showBarNTP=1
2026-08-12 13:44:32.036: [INFO] BookmarksSnapshot Shutdown total=0 bar=0 other=0 mobile=0 showBar=0 showBarNTP=1
